// Jest Snapshot v1, https://goo.gl/fbAQLP

exports[`component testing 1`] = `"test"`;
